CONDA_PREFIX=/scratch/tmp/mpfeife3/bachelorarbeit/miniconda/envs/lvd-pg
PYTHON=/scratch/tmp/mpfeife3/bachelorarbeit/miniconda/envs/lvd-pg/bin/python
/scratch/tmp/mpfeife3/bachelorarbeit/miniconda/envs/lvd-pg/bin/python
/scratch/tmp/mpfeife3/bachelorarbeit/miniconda/envs/lvd-pg/bin/julia
Precompiling packages...
   3120.4 ms  ✓ VersionParsing
   3180.0 ms  ✓ Preferences
   1719.9 ms  ✓ PrecompileTools
   6758.8 ms  ✓ StructUtils
  10423.1 ms  ✓ MacroTools
  11477.5 ms  ✓ Parsers
   6414.1 ms  ✓ JSON
    985.9 ms  ✓ Conda
  24859.8 ms  ✓ PyCall
  9 dependencies successfully precompiled in 49 seconds. 17 already precompiled.
PyCall Python: /scratch/tmp/mpfeife3/bachelorarbeit/miniconda/envs/lvd-pg/bin/python
faiss ok
ERROR: SystemError: opening file "/scratch/tmp/mpfeife3/bachelorarbeit/lvd-pg/exps/progressive_growing/scripts/wikitext/parallel_PG.jl": No such file or directory
Stacktrace:
 [1] include(mod::Module, _path::String)
   @ Base ./Base.jl:306
 [2] exec_options(opts::Base.JLOptions)
   @ Base ./client.jl:317
 [3] _start()
   @ Base ./client.jl:550
srun: error: r01n41: task 0: Exited with exit code 1
################################# JOB REPORT ##################################
Job ID: 43636852
Cluster: palma2
User/Group: mpfeife3/u0dawin
State: FAILED (exit code 1)
Cores: 1
CPU Utilized: 00:00:52
CPU Efficiency: 88.14% of 00:00:59 core-walltime
Job Wall-clock time: 00:00:59
Memory Utilized: 1.12 GB
Memory Efficiency: 45.80% of 2.44 GB (2.44 GB/core)
###############################################################################
